// Jest Snapshot v1, https://goo.gl/fbAQLP

exports[`Checkbox It should render. 1`] = `
<div>
  <div>
    <label
      class="CheckboxLabel"
      for="checkbox-1"
    >
      <input
        class="VisuallyHidden"
        id="checkbox-1"
        type="checkbox"
      />
      <span
        aria-hidden="true"
        class="CheckboxIndicator"
      >
        <svg
          class="Icon CheckboxIndicatorIcon"
          viewBox="0 0 12 12"
          xmlns="http://www.w3.org/2000/svg"
        >
          <path
            class="fillNone strokeCurrentColor"
            d="M2.5 6.5l2.5 3 4.5-6"
          />
        </svg>
      </span>
    </label>
  </div>
</div>
`;
